// Jest Snapshot v1, https://goo.gl/fbAQLP

exports[`<CartList /> should render the <CartList /> 1`] = `
.c7 {
  display: inline-block;
  vertical-align: middle;
  overflow: hidden;
}

.c1 {
  padding: 2.4rem;
  border-bottom: 0.1rem solid #eaeaea;
}

.c2 {
  display: -webkit-box;
  display: -webkit-flex;
  display: -ms-flexbox;
  display: flex;
}

.c3 {
  -webkit-flex-shrink: 0;
  -ms-flex-negative: 0;
  flex-shrink: 0;
  margin-right: 1.2rem;
  width: 9.6rem;
  height: 5.6rem;
}

.c3 img {
  width: 100%;
  height: 100%;
  object-fit: cover;
}

.c4 {
  display: -webkit-box;
  display: -webkit-flex;
  display: -ms-flexbox;
  display: flex;
  -webkit-flex-direction: column;
  -ms-flex-direction: column;
  flex-direction: column;
  -webkit-align-items: flex-start;
  -webkit-box-align: flex-start;
  -ms-flex-align: flex-start;
  align-items: flex-start;
}

.c5 {
  font-size: 1.4rem;
  font-weight: 600;
  color: #030517;
  line-height: 1.4rem;
  margin-bottom: 0.8rem;
}

.c8 {
  color: #fafafa;
  font-size: 1.4rem;
  font-weight: 600;
  padding: calc(0.8rem / 2) 0.8rem;
  border-radius: 0.4rem;
  background-color: #3CD3C1;
}

.c6 {
  color: #F231A5;
  margin-left: 0.8rem;
}

.c9 {
  color: #8f8f8f;
  font-size: 1.4rem;
  display: -webkit-box;
  display: -webkit-flex;
  display: -ms-flexbox;
  display: flex;
  -webkit-flex-direction: column;
  -ms-flex-direction: column;
  flex-direction: column;
  min-width: 28rem;
  margin-top: 1.6rem;
}

.c10 {
  display: -webkit-box;
  display: -webkit-flex;
  display: -ms-flexbox;
  display: flex;
  -webkit-align-items: center;
  -webkit-box-align: center;
  -ms-flex-align: center;
  align-items: center;
}

.c10 img {
  margin-left: 0.8rem;
}

.c0 {
  background: #fafafa;
  display: -webkit-box;
  display: -webkit-flex;
  display: -ms-flexbox;
  display: flex;
  -webkit-flex-direction: column;
  -ms-flex-direction: column;
  flex-direction: column;
  -webkit-align-self: start;
  -ms-flex-item-align: start;
  align-self: start;
}

.c11 {
  background: #eee;
  color: #030517;
  font-weight: 600;
  font-size: 1.4rem;
  padding: 2rem;
  display: -webkit-box;
  display: -webkit-flex;
  display: -ms-flexbox;
  display: flex;
  -webkit-box-pack: justify;
  -webkit-justify-content: space-between;
  -ms-flex-pack: justify;
  justify-content: space-between;
}

.c12 {
  color: #F231A5;
}

@media (min-width:768px) {
  .c1 {
    display: -webkit-box;
    display: -webkit-flex;
    display: -ms-flexbox;
    display: flex;
  }
}

@media (min-width:768px) {
  .c3 {
    margin-right: 1.6rem;
    width: 15rem;
    height: 7rem;
  }
}

@media (min-width:768px) {
  .c5 {
    font-size: 2rem;
    line-height: 2rem;
  }
}

@media (min-width:768px) {
  .c9 {
    margin-top: 0;
    -webkit-flex: 1;
    -ms-flex: 1;
    flex: 1;
    -webkit-flex-direction: column-reverse;
    -ms-flex-direction: column-reverse;
    flex-direction: column-reverse;
    -webkit-box-pack: justify;
    -webkit-justify-content: space-between;
    -ms-flex-pack: justify;
    justify-content: space-between;
    -webkit-align-items: flex-end;
    -webkit-box-align: flex-end;
    -ms-flex-align: flex-end;
    align-items: flex-end;
  }
}

@media (max-width:768px) {
  .c10 {
    margin-top: 1.6rem;
  }
}

@media (min-width:768px) {
  .c11 {
    font-size: 1.6rem;
    padding: 2.4rem;
  }
}

<div
  class="c0"
>
  <div
    class="c1"
  >
    <div
      class="c2"
    >
      <div
        class="c3"
      >
        <img
          alt="Red Dead Redemption 2"
          src="https://source.unsplash.com/user/willianjusten/151x70"
        />
      </div>
      <div
        class="c4"
      >
        <h3
          class="c5"
        >
          Red Dead Redemption 2
          <a
            aria-label="Get Red Dead Redemption 2 here"
            class="c6"
            href="/"
            target="_blank"
          >
            <svg
              aria-hidden="true"
              class="c7"
              fill="currentColor"
              focusable="false"
              height="22"
              viewBox="0 0 24 24"
              width="22"
              xmlns="http://www.w3.org/2000/svg"
            >
              <path
                d="M19 9h-4V3H9v6H5l7 8zM4 19h16v2H4z"
              />
            </svg>
          </a>
        </h3>
        <p
          class="c8"
        >
          R$ 215,00
        </p>
      </div>
    </div>
    <div
      class="c9"
    >
      <p>
        12/12/2020
      </p>
      <div
        class="c10"
      >
        <span>
          **** **** **** 1234
        </span>
        <img
          alt="mastercard"
          src="/img/cards/mastercard.png"
        />
      </div>
    </div>
  </div>
  <div
    class="c1"
  >
    <div
      class="c2"
    >
      <div
        class="c3"
      >
        <img
          alt="Borderlands 3"
          src="https://source.unsplash.com/user/willianjusten/150x70"
        />
      </div>
      <div
        class="c4"
      >
        <h3
          class="c5"
        >
          Borderlands 3
        </h3>
        <p
          class="c8"
        >
          R$ 215,00
        </p>
      </div>
    </div>
  </div>
  <div
    class="c11"
  >
    Total 
    <span
      class="c12"
    >
      R$ 430,00
    </span>
  </div>
</div>
`;
